Running on region 1 with 5 events
Py:Athena            INFO including file "AthenaCommon/Preparation.py"
Py:Athena            INFO including file "AthenaCommon/Bootstrap.py"
Py:Athena            INFO including file "AthenaCommon/Atlas.UnixStandardJob.py"
Py:Athena            INFO executing ROOT6Setup
Py:Athena            INFO including file "AthenaCommon/Execution.py"
Py:Athena            INFO including file "runargs.HTTLogicalHitsToAlg.py"
Py:Athena            INFO including file "TrigHTTAlgorithms/skeleton.HTTLogicalHitsToAlg.py"
('Final pars: ', {'region': '1', 'withPU': False, 'sampleType': 'singleMuons', 'bankTag': 'EF_TaskForce_dev22', 'secondStage': False})
Py:Athena            INFO including file "AthenaCommon/runbatch.py"
ApplicationMgr       INFO Application Manager Configured successfully
Py:Athena            INFO including file "AthenaCommon/Preparation.py"
Py:Athena            INFO including file "AthenaCommon/Bootstrap.py"
Py:Athena            INFO including file "AthenaCommon/Atlas.UnixStandardJob.py"
Py:Athena            INFO executing ROOT6Setup
Py:Athena            INFO including file "AthenaCommon/Execution.py"
ApplicationMgr       INFO Application Manager Configured successfully
Py:Athena            INFO including file "AthenaCommon/runbatch.py"
[38;5;153mStatusCodeSvc                    INFO initialize[m
[38;5;153mAthDictLoaderSvc                 INFO in initialize...[m
[38;5;153mAthDictLoaderSvc                 INFO acquired Dso-registry[m
[38;5;153mChronoStatSvc                    INFO  Number of skipped events for MemStat-1[m
[38;5;153mCoreDumpSvc                      INFO install f-a-t-a-l handler... (flag = -1)[m
[38;5;153mCoreDumpSvc                      INFO Handling signals: 11(Segmentation fault) 7(Bus error) 4(Illegal instruction) 8(Floating point exception) [m
[38;5;153mAthMasterSeq                     INFO Member list: AthSequencer/AthAlgSeq, AthSequencer/AthOutSeq, AthSequencer/AthRegSeq[m
[38;5;153mAthAlgSeq                        INFO Member list: HTTLogicalHitsProcessAlg[m
[38;5;153mHTTLogicalHitsProcessAlg         INFO Tag config:[m
[38;5;153mHTTLogicalHitsProcessAlg         INFO 	map: EF_TaskForce_dev22[m
[38;5;153mHTTLogicalHitsProcessAlg         INFO 	region: 1 (default: 0)[m
[38;5;153mHTTLogicalHitsProcessAlg         INFO 	bank: EF_TaskForce_dev22[m
[38;5;153mHTTLogicalHitsProcessAlg         INFO 	algo: dev_21-02-15[m
[38;5;153mToolSvc.HTTReadInput             INFO HTTInputHeaderTool::initialize()[m
[38;5;153mToolSvc.HTTReadInput             INFO Getting branch and set EventHeader[m
[38;5;153mToolSvc.HTTReadInput             INFO End of Tool initialize[m
[38;5;153mHTTEventSelectionSvc             INFO Creating the slices object[m
[38;5;153mHTTEventSelectionSvc             INFO HTTEventSelectionSvc::initialize(): regionID = 1, min = {phi:0.3 q/pt:-0.001 d0:-2 z0:-150 eta:0.7}, max = {phi:0.5 q/pt:0.001 d0:2 z0:150 eta:0.9}, sampleType = singleMuons, withPU = 0[m
[38;5;153mHTTPlaneMap_1st                  INFO Using 8 logical layers and 9 coordinates[m
[38;5;153mHTTPlaneMap_2nd                  INFO Using 13 logical layers and 18 coordinates[m
[38;5;153mToolSvc.HTT_RawToLogicalHit...   INFO SaveOptional= 'SaveOptional':2[m
[38;5;153mToolSvc.HTTClusteringTool        INFO HTTClusteringTool::initialize()[m
[38;5;153mHTTCCachePattIO                  INFO read 3750000 patterns; 24117414 TSP patterns[m
[38;5;153mHTTFitConstantBank_1st           INFO Settings: m_ncoords=9 m_npars=5[m
[38;5;153mToolSvc.HTTOverlapRemovalTo...   INFO HTTOverlapRemovalTool::initialize()[m
[38;5;153mToolSvc.HTTMonitorUnionTool      INFO HTTMonitorUnionTool::initialize()[m
[38;5;153mToolSvc.HTTMonitorUnionTool...   INFO HTTHitMonitorTool::initialize()[m
[38;5;153mToolSvc.HTTMonitorUnionTool...   INFO HTTClusterMonitorTool::initialize()[m
[38;5;153mToolSvc.HTTMonitorUnionTool...   INFO HTTRoadMonitorTool::initialize()[m
[38;5;153mToolSvc.HTTMonitorUnionTool...   INFO HTTTrackMonitorTool::initialize()[m
[38;5;153mToolSvc.HTTMonitorUnionTool...   INFO HTTEventMonitorTool::initialize()[m
[38;5;153mToolSvc.HTTMonitorUnionTool      INFO Running with 6 monitor tool(s).[m
[38;5;153mToolSvc.HTTDataFlowTool          INFO HTTDataFlowTool::initialize()[m
[38;5;153mToolSvc.HTTWriteOutput           INFO HTTOutputHeaderTool::initialize()[m
[38;5;153mToolSvc.HTTWriteOutput           INFO Creating empty branches in output file[m
[38;5;153mToolSvc.HTTWriteOutput           INFO End of Tool initialize[m
[93mHistogramPersistencySvc       WARNING Histograms saving not required.[m
[38;5;153mApplicationMgr                   INFO Application Manager Initialized successfully[m
[38;5;153mApplicationMgr                   INFO Application Manager Started successfully[m
[38;5;153mAthenaEventLoopMgr               INFO   ===>>>  start of run 1    <<<===[m
[38;5;153mAthenaEventLoopMgr               INFO   ===>>>  start processing event #1, run #1 0 events processed so far  <<<===[m
[38;5;153mToolSvc.HTTReadInput             INFO 0[m
[38;5;153mAthenaEventLoopMgr               INFO   ===>>>  done processing event #1, run #1 1 events processed so far  <<<===[m
[38;5;153mAthenaEventLoopMgr               INFO   ===>>>  start processing event #2, run #1 1 events processed so far  <<<===[m
[38;5;153mToolSvc.HTTReadInput             INFO 1[m
[38;5;153mAthenaEventLoopMgr               INFO   ===>>>  done processing event #2, run #1 2 events processed so far  <<<===[m
[38;5;153mAthenaEventLoopMgr               INFO   ===>>>  start processing event #3, run #1 2 events processed so far  <<<===[m
[38;5;153mToolSvc.HTTReadInput             INFO 2[m
[38;5;153mAthenaEventLoopMgr               INFO   ===>>>  done processing event #3, run #1 3 events processed so far  <<<===[m
[38;5;153mAthenaEventLoopMgr               INFO   ===>>>  start processing event #4, run #1 3 events processed so far  <<<===[m
[38;5;153mToolSvc.HTTReadInput             INFO 3[m
[38;5;153mAthenaEventLoopMgr               INFO   ===>>>  done processing event #4, run #1 4 events processed so far  <<<===[m
[38;5;153mAthenaEventLoopMgr               INFO   ===>>>  start processing event #5, run #1 4 events processed so far  <<<===[m
[38;5;153mToolSvc.HTTReadInput             INFO 4[m
[38;5;153mAthenaEventLoopMgr               INFO   ===>>>  done processing event #5, run #1 5 events processed so far  <<<===[m
[38;5;153mApplicationMgr                   INFO Application Manager Stopped successfully[m
[38;5;153mToolSvc.HTTMonitorUnionTool...   INFO -----------------------------------------------------------------------[m
[38;5;153mToolSvc.HTTMonitorUnionTool...   INFO Summary Statistics:[m
[38;5;153mToolSvc.HTTMonitorUnionTool...   INFO 	Events with first stage roads=4/4, miss=0%[m
[38;5;153mToolSvc.HTTMonitorUnionTool...   INFO 	First stage road matched to truth eff=4/4, miss=0%[m
[38;5;153mToolSvc.HTTMonitorUnionTool...   INFO 		[1-2 GeV]=100% [2-4 Gev]=100% [4+ GeV]=100%[m
[38;5;153mToolSvc.HTTMonitorUnionTool...   INFO 	First stage road Ave=5.75, exclude zero=5.75[m
[38;5;153mToolSvc.HTTMonitorUnionTool...   INFO 	First stage road hit combinations Ave=5.75, exclude zero=5.75[m
[38;5;153mToolSvc.HTTMonitorUnionTool...   INFO  [m
[38;5;153mToolSvc.HTTMonitorUnionTool...   INFO 	First Stage Tracks Final Ave=1, Events=4/4(100%)[m
[38;5;153mToolSvc.HTTMonitorUnionTool...   INFO 	First stage track matched to truth: all=4, passChi2=4, final=4/4, miss=0%[m
[38;5;153mToolSvc.HTTMonitorUnionTool...   INFO 	wrt offline=4/4(100%)[m
[38;5;153mToolSvc.HTTMonitorUnionTool...   INFO -----------------------------------------------------------------------[m
[38;5;153mToolSvc.HTTMonitorUnionTool...   INFO  [m
[38;5;153mToolSvc.HTTMonitorUnionTool...   INFO ----------------------------------FIRST STAGE HITS----------------------------------[m
[38;5;153mToolSvc.HTTMonitorUnionTool...   INFO number of first stage hits / event: Entries=4, Mean=10.5, RMS=1.11803, RMS95=1.11803[m
[38;5;153mToolSvc.HTTMonitorUnionTool...   INFO number of first stage hit layers / event: Entries=4, Mean=8, RMS=0, RMS95=0[m
[38;5;153mToolSvc.HTTMonitorUnionTool...   INFO ---------------------------------FIRST STAGE ROADS----------------------------------[m
[38;5;153mToolSvc.HTTMonitorUnionTool...   INFO number of first stage roads found per event: Entries=4, Mean=5.75, RMS=1.92029, RMS95=1.92029[m
[38;5;153mToolSvc.HTTMonitorUnionTool...   INFO number of first stage roads with unique hits found per event: Entries=4, Mean=4.75, RMS=0.829156, RMS95=0.829156[m
[38;5;153mToolSvc.HTTMonitorUnionTool...   INFO number of first stage roads per matched truth track: Entries=4, Mean=5.75, RMS=1.92029, RMS95=1.92029[m
[38;5;153mToolSvc.HTTMonitorUnionTool...   INFO total number of first stage hit combinations per event: Entries=4, Mean=5.75, RMS=1.92029, RMS95=1.92029[m
[38;5;153mToolSvc.HTTMonitorUnionTool...   INFO number of hits per first stage road: Entries=23, Mean=7.08696, RMS=0.503297, RMS95=0.548874[m
[38;5;153mToolSvc.HTTMonitorUnionTool...   INFO number of layers hit per first stage road: Entries=23, Mean=7.08696, RMS=0.503297, RMS95=0.548874[m
[38;5;153mToolSvc.HTTMonitorUnionTool...   INFO layer ids with hits, per first stage road: Entries=163, Mean=3.47853, RMS=2.27372, RMS95=2.27372[m
[38;5;153mToolSvc.HTTMonitorUnionTool...   INFO -------------------------------FIRST STAGE HTT TRACKS-------------------------------[m
[38;5;153mToolSvc.HTTMonitorUnionTool...   INFO number of all first stage tracks found per event: Entries=4, Mean=5.75, RMS=1.92029, RMS95=1.92029[m
[38;5;153mToolSvc.HTTMonitorUnionTool...   INFO number of first stage tracks found per event passing Chi^2 cut: Entries=4, Mean=5.5, RMS=1.5, RMS95=1.5[m
[38;5;153mToolSvc.HTTMonitorUnionTool...   INFO number of first stage tracks found per event after overlap removal: Entries=4, Mean=1, RMS=0, RMS95=0[m
[38;5;153mToolSvc.HTTMonitorUnionTool...   INFO Chi^2 of all first stage tracks: Entries=23, Mean=16.03, RMS=35.6365, RMS95=0[m
[38;5;153mToolSvc.HTTMonitorUnionTool...   INFO Chi^2 per ndof of all first stage tracks: Entries=23, Mean=5.36485, RMS=11.8734, RMS95=0[m
[38;5;153mToolSvc.HTTMonitorUnionTool...   INFO NMissing on all first stage tracks: Entries=23, Mean=0.956522, RMS=0.62403, RMS95=0.68054[m
[38;5;153mToolSvc.HTTMonitorUnionTool...   INFO ------------------------------TRUTH TRACKS------------------------------[m
[38;5;153mToolSvc.HTTMonitorUnionTool...   INFO --------------------------------OFFLINE CLUSTERS--------------------------------[m
[38;5;153mToolSvc.HTTMonitorUnionTool...   INFO number of offline clusters found per event: Entries=4, Mean=16.25, RMS=1.08972, RMS95=1.08972[m
[38;5;153mToolSvc.HTTMonitorUnionTool...   INFO --------------------------------FIRST STAGE CLUSTERS--------------------------------[m
[38;5;153mToolSvc.HTTMonitorUnionTool...   INFO number of first stage clusters found per event: Entries=4, Mean=10.5, RMS=1.11803, RMS95=1.11803[m
[38;5;153mToolSvc.HTTMonitorUnionTool...   INFO layer of first stage clusters: Entries=42, Mean=3.78571, RMS=2.26291, RMS95=2.26291[m
[38;5;153mAthAlgSeq                        INFO Finalizing AthAlgSeq...[m
[38;5;153mAthOutSeq                        INFO Finalizing AthOutSeq...[m
[38;5;153mAthRegSeq                        INFO Finalizing AthRegSeq...[m
[38;5;153mAthMasterSeq                     INFO Finalizing AthMasterSeq...[m
[38;5;153mTrigHTTBankSvc                   INFO TrigHTTBankSvc::finalize()[m
[38;5;153mHTTEventSelectionSvc             INFO HTTEventSelectionSvc::finalize()[m
[38;5;153mAthDictLoaderSvc                 INFO in finalize...[m
[38;5;153mToolSvc                          INFO Removing all tools created by ToolSvc[m
[38;5;153mToolSvc.HTTWriteOutput           INFO finalize: closing files[m
[38;5;153mToolSvc.HTTDataFlowTool          INFO HTTDataFlowTool::finalize()[m
[38;5;153mToolSvc.HTTMonitorUnionTool...   INFO HTTEventMonitorTool::finalize()[m
[38;5;153mToolSvc.HTTMonitorUnionTool...   INFO HTTTrackMonitorTool::finalize()[m
[38;5;153mToolSvc.HTTMonitorUnionTool...   INFO HTTRoadMonitorTool::finalize()[m
[38;5;153mToolSvc.HTTMonitorUnionTool...   INFO HTTClusterMonitorTool::finalize()[m
[38;5;153mToolSvc.HTTMonitorUnionTool...   INFO HTTHitMonitorTool::finalize()[m
[38;5;153mToolSvc.HTTMonitorUnionTool      INFO HTTMonitorUnionTool::finalize()[m
[38;5;153mToolSvc.HTTOverlapRemovalTo...   INFO HTTOverlapRemovalTool::finalize()[m
[38;5;153mToolSvc.HTTClusteringTool        INFO HTTClusteringTool::finalize()[m
[38;5;153mToolSvc.HTT_RawToLogicalHit...   INFO HTT_RawToLogicalHitsTool::finalized()[m
[38;5;153mToolSvc.HTTReadInput             INFO finalize: closing files[m
[38;5;153m*****Chrono*****                 INFO ****************************************************************************************************[m
[38;5;153m*****Chrono*****                 INFO  The Final CPU consumption ( Chrono ) Table (ordered)[m
[38;5;153m*****Chrono*****                 INFO ****************************************************************************************************[m
[38;5;153m*****Chrono*****                 INFO ****************************************************************************************************[m
[38;5;153mChronoStatSvc.finalize()         INFO  Service finalized successfully [m
[38;5;153mApplicationMgr                   INFO Application Manager Finalized successfully[m
[38;5;153mApplicationMgr                   INFO Application Manager Terminated successfully[m
Py:Athena            INFO leaving with code 0: "successful run"
